Modbus RequestFactory patched for FC 17/43

Running Generic Modbus Tests...

[Test] Report Server ID
Patch: Detected FC 17
Factory returned: ReportServerId (FC 17)
node : ReportServerId 
Error: Error: InvalidF
unctionCode
At line:1 char:1
+ node test/test_gener
ic.js > test_output.tx
t 2>&1
+ ~~~~~~~~~~~~~~~~~~~~
~~~~~~~~~~~~~~~~~~~~~~
~~~~~~
    + CategoryInfo    
          : NotSpeci  
  fied: (ReportServ   
 erId ...lidFuncti    
onCode:String) []    ,
 RemoteException
    + FullyQualifiedE 
   rrorId : NativeCo  
  mmandError
 
    at new ModbusBaseR
esponseBody (C:\Work\R
EPO\modbusSim-1\node_m
odules\jsmodbus\dist\r
esponse\response-body.
js:17:23)
    at new ReportServe
rIdResponseBody (C:\Wo
rk\REPO\modbusSim-1\li
b\CustomRequests.js:30
:9)
    at Object.reportSe
rverId (C:\Work\REPO\m
odbusSim-1\lib\ServerH
andler.js:198:34)
    at MockServer.emit
 (C:\Work\REPO\modbusS
im-1\test\test_generic
.js:21:33)
    at runTest (C:\Wor
k\REPO\modbusSim-1\tes
t\test_generic.js:92:1
2)
    at Object.<anonymo
us> (C:\Work\REPO\modb
usSim-1\test\test_gene
ric.js:97:1)
    at Module._compile
 (node:internal/module
s/cjs/loader:1738:14)
    at Object..js (nod
e:internal/modules/cjs
/loader:1871:10)
    at Module.load (no
de:internal/modules/cj
s/loader:1470:32)
    at Module._load (n
ode:internal/modules/c
js/loader:1290:12)
FAIL: Exception 4

[Test] Read Device ID (Basic)
Patch: Detected FC 43
Factory returned: ReadDeviceIdentification (FC 43)
DEBUG: Handling FC 43
DEBUG: readDeviceId=1, objectId=0
DEBUG: Basic/Regular objects created
DEBUG: Extended objects created
ReadDeviceIdentificati
on Error details: Inva
lidFunctionCode
Error: InvalidFunction
Code
    at new ModbusBaseR
esponseBody (C:\Work\R
EPO\modbusSim-1\node_m
odules\jsmodbus\dist\r
esponse\response-body.
js:17:23)
    at new ReadDeviceI
dentificationResponseB
ody (C:\Work\REPO\modb
usSim-1\lib\CustomRequ
ests.js:92:9)
    at Object.readDevi
ceIdentification (C:\W
ork\REPO\modbusSim-1\l
ib\ServerHandler.js:23
8:34)
    at MockServer.emit
 (C:\Work\REPO\modbusS
im-1\test\test_generic
.js:21:33)
    at runTest (C:\Wor
k\REPO\modbusSim-1\tes
t\test_generic.js:92:1
2)
    at Object.<anonymo
us> (C:\Work\REPO\modb
usSim-1\test\test_gene
ric.js:101:1)
    at Module._compile
 (node:internal/module
s/cjs/loader:1738:14)
    at Object..js (nod
e:internal/modules/cjs
/loader:1871:10)
    at Module.load (no
de:internal/modules/cj
s/loader:1470:32)
    at Module._load (n
ode:internal/modules/c
js/loader:1290:12)
FAIL: Exception 4

[Test] Read Device ID (Regular)
Patch: Detected FC 43
Factory returned: ReadDeviceIdentification (FC 43)
DEBUG: Handling FC 43
DEBUG: readDeviceId=2, objectId=0
DEBUG: Basic/Regular objects created
DEBUG: Extended objects created
ReadDeviceIdentificati
on Error details: Inva
lidFunctionCode
Error: InvalidFunction
Code
    at new ModbusBaseR
esponseBody (C:\Work\R
EPO\modbusSim-1\node_m
odules\jsmodbus\dist\r
esponse\response-body.
js:17:23)
    at new ReadDeviceI
dentificationResponseB
ody (C:\Work\REPO\modb
usSim-1\lib\CustomRequ
ests.js:92:9)
    at Object.readDevi
ceIdentification (C:\W
ork\REPO\modbusSim-1\l
ib\ServerHandler.js:23
8:34)
    at MockServer.emit
 (C:\Work\REPO\modbusS
im-1\test\test_generic
.js:21:33)
    at runTest (C:\Wor
k\REPO\modbusSim-1\tes
t\test_generic.js:92:1
2)
    at Object.<anonymo
us> (C:\Work\REPO\modb
usSim-1\test\test_gene
ric.js:105:1)
    at Module._compile
 (node:internal/module
s/cjs/loader:1738:14)
    at Object..js (nod
e:internal/modules/cjs
/loader:1871:10)
    at Module.load (no
de:internal/modules/cj
s/loader:1470:32)
    at Module._load (n
ode:internal/modules/c
js/loader:1290:12)
FAIL: Exception 4

Done.
